// Jest Snapshot v1, https://goo.gl/fbAQLP

exports[`Integer expressions IsNat 1`] = `
"
        (
            template_id (static_id 0 (\\"bls12_381.test.ts\\" 9))
            storage ()
            storage_type (\\"bool\\")
            messages ((ep1 True False False True (\\"bls12_381.test.ts\\" 12) ((set_type (params (\\"bls12_381.test.ts\\" 12)) \\"unit\\" (\\"bls12_381.test.ts\\" 39)) (set (data) (pairing_check (list (\\"bls12_381.test.ts\\" 12) (tuple (\\"bls12_381.test.ts\\" 12) (literal (bls12_381_g1 0x17f1d3a73197d7942695638c4fa9ac0fc3688c4f9774b905a14e3a3f171bac586c55e83ff97a1aeffb3af00adb22c6bb08b3f481e3aaa0f1a09e30ed741d8ae4fcf5e095d5d00af600db18cb2c04b3edd03cc744a2888ae40caa232946c5e7e1) (\\"bls12_381.test.ts\\" 12)) (literal (bls12_381_g2 0x13e02b6052719f607dacd3a088274f65596bd0d09920b61ab5da61bbdc7f5049334cf11213945d57e5ac7d055d042b7e024aa2b2f08f0a91260805272dc51051c6e47ad4fa403b02b4510b647ae3d1770bac0326a805bbefd48056c8c121bdb80606c4a02ea734cc32acd2b02bc28b99cb3e287e85a763af267492ab572e99ab3f370d275cec1da1aaa9075ff05f79be0ce5d527727d6e118cc9cdc6da2e351aadfd9baa8cbdd3a76d429a695160d12c923ac9cc3baca289e193548608b82801) (\\"bls12_381.test.ts\\" 12))) (tuple (\\"bls12_381.test.ts\\" 12) (literal (bls12_381_g1 0x17f1d3a73197d7942695638c4fa9ac0fc3688c4f9774b905a14e3a3f171bac586c55e83ff97a1aeffb3af00adb22c6bb08b3f481e3aaa0f1a09e30ed741d8ae4fcf5e095d5d00af600db18cb2c04b3edd03cc744a2888ae40caa232946c5e7e1) (\\"bls12_381.test.ts\\" 12)) (literal (bls12_381_g2 0x13e02b6052719f607dacd3a088274f65596bd0d09920b61ab5da61bbdc7f5049334cf11213945d57e5ac7d055d042b7e024aa2b2f08f0a91260805272dc51051c6e47ad4fa403b02b4510b647ae3d1770bac0326a805bbefd48056c8c121bdb80606c4a02ea734cc32acd2b02bc28b99cb3e287e85a763af267492ab572e99ab3f370d275cec1da1aaa9075ff05f79be0ce5d527727d6e118cc9cdc6da2e351aadfd9baa8cbdd3a76d429a695160d12c923ac9cc3baca289e193548608b82801) (\\"bls12_381.test.ts\\" 12)))) (\\"bls12_381.test.ts\\" 12)) (\\"bls12_381.test.ts\\" 12)))))
            flags ()
            privates ()
            views ()
            entry_points_layout ()
            initial_metadata ()
            balance (literal (mutez 0) (\\"bls12_381.test.ts\\" 9))
        )
        "
`;

exports[`Integer expressions IsNat 2`] = `
"{
    \\"micheline\\": \\"parameter (unit %ep1);\\\\nstorage   bool;\\\\ncode\\\\n  {\\\\n    DROP;       # \\\\n    # == ep1 ==\\\\n    # self.data = sp.pairing_check(sp.list([(sp.bls12_381_g1('0x17f1d3a73197d7942695638c4fa9ac0fc3688c4f9774b905a14e3a3f171bac586c55e83ff97a1aeffb3af00adb22c6bb08b3f481e3aaa0f1a09e30ed741d8ae4fcf5e095d5d00af600db18cb2c04b3edd03cc744a2888ae40caa232946c5e7e1'), sp.bls12_381_g2('0x13e02b6052719f607dacd3a088274f65596bd0d09920b61ab5da61bbdc7f5049334cf11213945d57e5ac7d055d042b7e024aa2b2f08f0a91260805272dc51051c6e47ad4fa403b02b4510b647ae3d1770bac0326a805bbefd48056c8c121bdb80606c4a02ea734cc32acd2b02bc28b99cb3e287e85a763af267492ab572e99ab3f370d275cec1da1aaa9075ff05f79be0ce5d527727d6e118cc9cdc6da2e351aadfd9baa8cbdd3a76d429a695160d12c923ac9cc3baca289e193548608b82801')), (sp.bls12_381_g1('0x17f1d3a73197d7942695638c4fa9ac0fc3688c4f9774b905a14e3a3f171bac586c55e83ff97a1aeffb3af00adb22c6bb08b3f481e3aaa0f1a09e30ed741d8ae4fcf5e095d5d00af600db18cb2c04b3edd03cc744a2888ae40caa232946c5e7e1'), sp.bls12_381_g2('0x13e02b6052719f607dacd3a088274f65596bd0d09920b61ab5da61bbdc7f5049334cf11213945d57e5ac7d055d042b7e024aa2b2f08f0a91260805272dc51051c6e47ad4fa403b02b4510b647ae3d1770bac0326a805bbefd48056c8c121bdb80606c4a02ea734cc32acd2b02bc28b99cb3e287e85a763af267492ab572e99ab3f370d275cec1da1aaa9075ff05f79be0ce5d527727d6e118cc9cdc6da2e351aadfd9baa8cbdd3a76d429a695160d12c923ac9cc3baca289e193548608b82801'))])) # \\\\n    PUSH (list (pair bls12_381_g1 bls12_381_g2)) {Pair 0x17f1d3a73197d7942695638c4fa9ac0fc3688c4f9774b905a14e3a3f171bac586c55e83ff97a1aeffb3af00adb22c6bb08b3f481e3aaa0f1a09e30ed741d8ae4fcf5e095d5d00af600db18cb2c04b3edd03cc744a2888ae40caa232946c5e7e1 0x13e02b6052719f607dacd3a088274f65596bd0d09920b61ab5da61bbdc7f5049334cf11213945d57e5ac7d055d042b7e024aa2b2f08f0a91260805272dc51051c6e47ad4fa403b02b4510b647ae3d1770bac0326a805bbefd48056c8c121bdb80606c4a02ea734cc32acd2b02bc28b99cb3e287e85a763af267492ab572e99ab3f370d275cec1da1aaa9075ff05f79be0ce5d527727d6e118cc9cdc6da2e351aadfd9baa8cbdd3a76d429a695160d12c923ac9cc3baca289e193548608b82801; Pair 0x17f1d3a73197d7942695638c4fa9ac0fc3688c4f9774b905a14e3a3f171bac586c55e83ff97a1aeffb3af00adb22c6bb08b3f481e3aaa0f1a09e30ed741d8ae4fcf5e095d5d00af600db18cb2c04b3edd03cc744a2888ae40caa232946c5e7e1 0x13e02b6052719f607dacd3a088274f65596bd0d09920b61ab5da61bbdc7f5049334cf11213945d57e5ac7d055d042b7e024aa2b2f08f0a91260805272dc51051c6e47ad4fa403b02b4510b647ae3d1770bac0326a805bbefd48056c8c121bdb80606c4a02ea734cc32acd2b02bc28b99cb3e287e85a763af267492ab572e99ab3f370d275cec1da1aaa9075ff05f79be0ce5d527727d6e118cc9cdc6da2e351aadfd9baa8cbdd3a76d429a695160d12c923ac9cc3baca289e193548608b82801}; # list (pair bls12_381_g1 bls12_381_g2)\\\\n    PAIRING_CHECK; # bool\\\\n    NIL operation; # list operation : bool\\\\n    PAIR;       # pair (list operation) bool\\\\n  };\\",
    \\"json\\": [
        {
            \\"prim\\": \\"storage\\",
            \\"args\\": [
                {
                    \\"prim\\": \\"bool\\"
                }
            ]
        },
        {
            \\"prim\\": \\"parameter\\",
            \\"args\\": [
                {
                    \\"prim\\": \\"unit\\",
                    \\"annots\\": [
                        \\"%ep1\\"
                    ]
                }
            ]
        },
        {
            \\"prim\\": \\"code\\",
            \\"args\\": [
                [
                    {
                        \\"prim\\": \\"DROP\\"
                    },
                    {
                        \\"prim\\": \\"PUSH\\",
                        \\"args\\": [
                            {
                                \\"prim\\": \\"list\\",
                                \\"args\\": [
                                    {
                                        \\"prim\\": \\"pair\\",
                                        \\"args\\": [
                                            {
                                                \\"prim\\": \\"bls12_381_g1\\"
                                            },
                                            {
                                                \\"prim\\": \\"bls12_381_g2\\"
                                            }
                                        ]
                                    }
                                ]
                            },
                            [
                                {
                                    \\"prim\\": \\"Pair\\",
                                    \\"args\\": [
                                        {
                                            \\"bytes\\": \\"17f1d3a73197d7942695638c4fa9ac0fc3688c4f9774b905a14e3a3f171bac586c55e83ff97a1aeffb3af00adb22c6bb08b3f481e3aaa0f1a09e30ed741d8ae4fcf5e095d5d00af600db18cb2c04b3edd03cc744a2888ae40caa232946c5e7e1\\"
                                        },
                                        {
                                            \\"bytes\\": \\"13e02b6052719f607dacd3a088274f65596bd0d09920b61ab5da61bbdc7f5049334cf11213945d57e5ac7d055d042b7e024aa2b2f08f0a91260805272dc51051c6e47ad4fa403b02b4510b647ae3d1770bac0326a805bbefd48056c8c121bdb80606c4a02ea734cc32acd2b02bc28b99cb3e287e85a763af267492ab572e99ab3f370d275cec1da1aaa9075ff05f79be0ce5d527727d6e118cc9cdc6da2e351aadfd9baa8cbdd3a76d429a695160d12c923ac9cc3baca289e193548608b82801\\"
                                        }
                                    ]
                                },
                                {
                                    \\"prim\\": \\"Pair\\",
                                    \\"args\\": [
                                        {
                                            \\"bytes\\": \\"17f1d3a73197d7942695638c4fa9ac0fc3688c4f9774b905a14e3a3f171bac586c55e83ff97a1aeffb3af00adb22c6bb08b3f481e3aaa0f1a09e30ed741d8ae4fcf5e095d5d00af600db18cb2c04b3edd03cc744a2888ae40caa232946c5e7e1\\"
                                        },
                                        {
                                            \\"bytes\\": \\"13e02b6052719f607dacd3a088274f65596bd0d09920b61ab5da61bbdc7f5049334cf11213945d57e5ac7d055d042b7e024aa2b2f08f0a91260805272dc51051c6e47ad4fa403b02b4510b647ae3d1770bac0326a805bbefd48056c8c121bdb80606c4a02ea734cc32acd2b02bc28b99cb3e287e85a763af267492ab572e99ab3f370d275cec1da1aaa9075ff05f79be0ce5d527727d6e118cc9cdc6da2e351aadfd9baa8cbdd3a76d429a695160d12c923ac9cc3baca289e193548608b82801\\"
                                        }
                                    ]
                                }
                            ]
                        ]
                    },
                    {
                        \\"prim\\": \\"PAIRING_CHECK\\"
                    },
                    {
                        \\"prim\\": \\"NIL\\",
                        \\"args\\": [
                            {
                                \\"prim\\": \\"operation\\"
                            }
                        ]
                    },
                    {
                        \\"prim\\": \\"PAIR\\"
                    }
                ]
            ]
        }
    ]
}"
`;
