// Jest Snapshot v1, https://goo.gl/fbAQLP

exports[`Unary expressions Not 1`] = `
"
        (
            template_id (static_id 0 (\\"unary.test.ts\\" 9))
            storage (variant \\"None\\" (unit) (\\"unary.test.ts\\" 10))
            storage_type (())
            messages ((ep1 True False False True (\\"unary.test.ts\\" 12) ((set_type (params (\\"unary.test.ts\\" 12)) \\"bool\\" (\\"unary.test.ts\\" 17)) (set (data) (variant \\"Some\\" (not (params (\\"unary.test.ts\\" 12)) (\\"unary.test.ts\\" 14)) (\\"unary.test.ts\\" 14)) (\\"unary.test.ts\\" 14)))))
            flags ()
            privates ()
            views ()
            entry_points_layout ()
            initial_metadata ()
            balance (literal (mutez 0) (\\"unary.test.ts\\" 9))
        )
        "
`;

exports[`Unary expressions Not 2`] = `
"[
    {
        \\"prim\\": \\"storage\\",
        \\"args\\": [
            {
                \\"prim\\": \\"option\\",
                \\"args\\": [
                    {
                        \\"prim\\": \\"bool\\"
                    }
                ]
            }
        ]
    },
    {
        \\"prim\\": \\"parameter\\",
        \\"args\\": [
            {
                \\"prim\\": \\"bool\\",
                \\"annots\\": [
                    \\"%ep1\\"
                ]
            }
        ]
    },
    {
        \\"prim\\": \\"code\\",
        \\"args\\": [
            [
                {
                    \\"prim\\": \\"CAR\\"
                },
                {
                    \\"prim\\": \\"NOT\\"
                },
                {
                    \\"prim\\": \\"SOME\\"
                },
                {
                    \\"prim\\": \\"NIL\\",
                    \\"args\\": [
                        {
                            \\"prim\\": \\"operation\\"
                        }
                    ]
                },
                {
                    \\"prim\\": \\"PAIR\\"
                }
            ]
        ]
    }
]"
`;
