// Jest Snapshot v1, https://goo.gl/fbAQLP

exports[`Test (For) statement Sum values from 0 to 10 (Inclusive) 1`] = `
"
        (
            template_id (static_id 0 (\\"for.test.ts\\" 9))
            storage (literal (nat 0) (\\"for.test.ts\\" 10))
            storage_type (())
            messages ((ep1 True False False True (\\"for.test.ts\\" 12) ((set_type (params (\\"for.test.ts\\" 12)) \\"nat\\" (\\"for.test.ts\\" 14)) (defineLocal \\"__ITERATOR__\\" (literal (nat 0) (\\"for.test.ts\\" 14)) True (\\"for.test.ts\\" 18)) (whileBlock (le (getLocal \\"__ITERATOR__\\" (\\"for.test.ts\\" 18)) (params (\\"for.test.ts\\" 12)) (\\"comparison.ts\\" 18)) ((set (data) (add (data) (getLocal \\"__ITERATOR__\\" (\\"for.test.ts\\" 14)) (\\"for.test.ts\\" 14)) (\\"for.test.ts\\" 14)) (set (getLocal \\"__ITERATOR__\\" (\\"for.test.ts\\" 18)) (add (getLocal \\"__ITERATOR__\\" (\\"for.test.ts\\" 18)) (literal (nat 1) (\\"for.test.ts\\" 14)) (\\"math.ts\\" 6)) (\\"for.test.ts\\" 18))) (\\"for.test.ts\\" 14)))))
            flags ()
            privates ()
            views ()
            entry_points_layout ()
            initial_metadata ()
            balance (literal (mutez 0) (\\"for.test.ts\\" 9))
        )
        "
`;

exports[`Test (For) statement Sum values from 0 to 10 (Inclusive) 2`] = `
"[
    {
        \\"prim\\": \\"storage\\",
        \\"args\\": [
            {
                \\"prim\\": \\"nat\\"
            }
        ]
    },
    {
        \\"prim\\": \\"parameter\\",
        \\"args\\": [
            {
                \\"prim\\": \\"nat\\",
                \\"annots\\": [
                    \\"%ep1\\"
                ]
            }
        ]
    },
    {
        \\"prim\\": \\"code\\",
        \\"args\\": [
            [
                {
                    \\"prim\\": \\"UNPAIR\\"
                },
                {
                    \\"prim\\": \\"PUSH\\",
                    \\"args\\": [
                        {
                            \\"prim\\": \\"nat\\"
                        },
                        {
                            \\"int\\": \\"0\\"
                        }
                    ]
                },
                {
                    \\"prim\\": \\"SWAP\\"
                },
                {
                    \\"prim\\": \\"DUP\\"
                },
                {
                    \\"prim\\": \\"DUG\\",
                    \\"args\\": [
                        {
                            \\"int\\": \\"2\\"
                        }
                    ]
                },
                {
                    \\"prim\\": \\"SWAP\\"
                },
                {
                    \\"prim\\": \\"DUP\\"
                },
                {
                    \\"prim\\": \\"DUG\\",
                    \\"args\\": [
                        {
                            \\"int\\": \\"2\\"
                        }
                    ]
                },
                {
                    \\"prim\\": \\"COMPARE\\"
                },
                {
                    \\"prim\\": \\"LE\\"
                },
                {
                    \\"prim\\": \\"LOOP\\",
                    \\"args\\": [
                        [
                            {
                                \\"prim\\": \\"DIG\\",
                                \\"args\\": [
                                    {
                                        \\"int\\": \\"2\\"
                                    }
                                ]
                            },
                            {
                                \\"prim\\": \\"SWAP\\"
                            },
                            {
                                \\"prim\\": \\"DUP\\"
                            },
                            {
                                \\"prim\\": \\"DUG\\",
                                \\"args\\": [
                                    {
                                        \\"int\\": \\"2\\"
                                    }
                                ]
                            },
                            {
                                \\"prim\\": \\"ADD\\"
                            },
                            {
                                \\"prim\\": \\"DUG\\",
                                \\"args\\": [
                                    {
                                        \\"int\\": \\"2\\"
                                    }
                                ]
                            },
                            {
                                \\"prim\\": \\"PUSH\\",
                                \\"args\\": [
                                    {
                                        \\"prim\\": \\"nat\\"
                                    },
                                    {
                                        \\"int\\": \\"1\\"
                                    }
                                ]
                            },
                            {
                                \\"prim\\": \\"ADD\\"
                            },
                            {
                                \\"prim\\": \\"SWAP\\"
                            },
                            {
                                \\"prim\\": \\"DUP\\"
                            },
                            {
                                \\"prim\\": \\"DUG\\",
                                \\"args\\": [
                                    {
                                        \\"int\\": \\"2\\"
                                    }
                                ]
                            },
                            {
                                \\"prim\\": \\"SWAP\\"
                            },
                            {
                                \\"prim\\": \\"DUP\\"
                            },
                            {
                                \\"prim\\": \\"DUG\\",
                                \\"args\\": [
                                    {
                                        \\"int\\": \\"2\\"
                                    }
                                ]
                            },
                            {
                                \\"prim\\": \\"COMPARE\\"
                            },
                            {
                                \\"prim\\": \\"LE\\"
                            }
                        ]
                    ]
                },
                {
                    \\"prim\\": \\"DROP\\",
                    \\"args\\": [
                        {
                            \\"int\\": \\"2\\"
                        }
                    ]
                },
                {
                    \\"prim\\": \\"NIL\\",
                    \\"args\\": [
                        {
                            \\"prim\\": \\"operation\\"
                        }
                    ]
                },
                {
                    \\"prim\\": \\"PAIR\\"
                }
            ]
        ]
    }
]"
`;
