// Jest Snapshot v1, https://goo.gl/fbAQLP

exports[`Test (ForEach) statement Sum values of a list 1`] = `
"
        (
            template_id (static_id 0 (\\"foreach.test.ts\\" 9))
            storage (literal (nat 1) (\\"foreach.test.ts\\" 10))
            storage_type (())
            messages ((ep1 True False False True (\\"foreach.test.ts\\" 12) ((set_type (params (\\"foreach.test.ts\\" 12)) (list \\"nat\\") (\\"foreach.test.ts\\" 18)) (forGroup \\"__ITERATOR_FOREACH_1__\\" (params (\\"foreach.test.ts\\" 12)) ((set (data) (add (data) (iter \\"__ITERATOR_FOREACH_1__\\" (\\"foreach.test.ts\\" 14)) (\\"foreach.test.ts\\" 14)) (\\"foreach.test.ts\\" 14))) (\\"foreach.test.ts\\" 14)))))
            flags ()
            privates ()
            views ()
            entry_points_layout ()
            initial_metadata ()
            balance (literal (mutez 0) (\\"foreach.test.ts\\" 9))
        )
        "
`;

exports[`Test (ForEach) statement Sum values of a list 2`] = `
"[
    {
        \\"prim\\": \\"storage\\",
        \\"args\\": [
            {
                \\"prim\\": \\"nat\\"
            }
        ]
    },
    {
        \\"prim\\": \\"parameter\\",
        \\"args\\": [
            {
                \\"prim\\": \\"list\\",
                \\"args\\": [
                    {
                        \\"prim\\": \\"nat\\"
                    }
                ],
                \\"annots\\": [
                    \\"%ep1\\"
                ]
            }
        ]
    },
    {
        \\"prim\\": \\"code\\",
        \\"args\\": [
            [
                {
                    \\"prim\\": \\"UNPAIR\\"
                },
                {
                    \\"prim\\": \\"DUP\\"
                },
                {
                    \\"prim\\": \\"ITER\\",
                    \\"args\\": [
                        [
                            {
                                \\"prim\\": \\"DIG\\",
                                \\"args\\": [
                                    {
                                        \\"int\\": \\"2\\"
                                    }
                                ]
                            },
                            {
                                \\"prim\\": \\"ADD\\"
                            },
                            {
                                \\"prim\\": \\"SWAP\\"
                            }
                        ]
                    ]
                },
                {
                    \\"prim\\": \\"DROP\\"
                },
                {
                    \\"prim\\": \\"NIL\\",
                    \\"args\\": [
                        {
                            \\"prim\\": \\"operation\\"
                        }
                    ]
                },
                {
                    \\"prim\\": \\"PAIR\\"
                }
            ]
        ]
    }
]"
`;
